// Jest Snapshot v1, https://goo.gl/fbAQLP

exports[`should render Header correctly 1`] = `
<header>
  <h1>
    Expensify
  </h1>
  <NavLink
    className={[Function]}
    to="/"
  >
    Home
  </NavLink>
  <NavLink
    className={[Function]}
    to="/create"
  >
    create Expense
  </NavLink>
</header>
`;
